[20:47:08.383][INFO][CraftTweaker-EarlyInit]: CraftTweaker is running on a Minecraft 1.20.1 production server modded with platform Fabric
[20:47:08.394][INFO][CraftTweaker-EarlyInit]: Successfully injected RecipeFS file system
[20:47:13.455][INFO][CraftTweaker-Plugins]: Successfully identified and loaded plugin farmersdelight:crafttweaker_plugin
[20:47:13.461][INFO][CraftTweaker-Plugins]: Successfully identified and loaded plugin crafttweaker:builtin
[20:47:13.757][INFO][CraftTweaker]: The following mods have explicit CraftTweaker support through the default plugin:
[20:47:13.758][INFO][CraftTweaker]: - 'crafttweaker' at version '14.0.57'
[20:47:13.758][INFO][CraftTweaker]: - 'farmersdelight' at version '1.20.1-2.3.0+refabricated'
[20:47:13.981][INFO][CraftTweaker-ZenCode]: Started loading scripts for loader 'initialize'
[20:47:14.216][INFO][CraftTweaker-ZenCode]: Compiling and executing scripts
[20:47:14.240][INFO][CraftTweaker-ZenCode]: Successfully initialized modules [crafttweaker, expansions]
[20:47:14.316][INFO][CraftTweaker-ZenCode]: Execution for loader 'initialize' completed successfully
[20:47:32.953][INFO][CraftTweaker-ZenCode]: Started loading scripts for loader 'tags'
[20:47:32.989][INFO][CraftTweaker-ZenCode]: Compiling and executing scripts
[20:47:33.016][INFO][CraftTweaker-ZenCode]: Successfully initialized modules [crafttweaker, expansions]
[20:47:33.031][INFO][CraftTweaker-ZenCode]: Execution for loader 'tags' completed successfully
[20:47:36.515][INFO][CraftTweaker]: CraftTweaker reload starting!
[20:47:36.526][INFO][CraftTweaker-ZenCode]: Started loading scripts for loader 'crafttweaker'
[20:47:36.556][INFO][CraftTweaker-ZenCode]: Compiling and executing scripts
[20:47:36.976][INFO][CraftTweaker-ZenCode]: Successfully initialized modules [farmersdelight, mods, crafttweaker, expansions]
[20:47:36.980][INFO][CraftTweaker-ZenCode]: Loading file 'appletrinketfix.zs' with priority 0
[20:47:36.982][INFO][CraftTweaker-ZenCode]: Loading file 'explorers_compass.zs' with priority 0
[20:47:36.982][INFO][CraftTweaker-ZenCode]: Loading file 'logo.zs' with priority 0
[20:47:36.982][INFO][CraftTweaker-ZenCode]: Loading file 'mod_compat.zs' with priority 0
[20:47:36.986][INFO][CraftTweaker-ZenCode]: Loading file 'mods/AlcoCraft+/keg_test.zs' with priority 0
[20:47:36.988][INFO][CraftTweaker-ZenCode]: Loading file 'mods/Spelunkery/ironpickonastick.zs' with priority 0
[20:47:36.988][INFO][CraftTweaker-ZenCode]: Loading file 'mods/[Let's Do] Brewery/hops_based_beers.zs' with priority 0
[20:47:36.990][INFO][CraftTweaker-ZenCode]: Loading file 'nametag.zs' with priority 0
[20:47:36.991][INFO][CraftTweaker-ZenCode]: Loading file 'obsidian_tool_tagging.zs' with priority 0
[20:47:37.008][INFO][CraftTweaker-ZenCode]: Loading file 'remove_prismarite_cluster_trim.zs' with priority 0
[20:47:37.009][INFO][CraftTweaker-ZenCode]: Loading file 'saddle.zs' with priority 0
[20:47:37.009][INFO][CraftTweaker-ZenCode]: Loading file 'stone_tool_materials.zs' with priority 0
[20:47:37.087][INFO][CraftTweaker]: Removing: [minecraft:apple] from tag: <tag:items:trinkets:head/face>
[20:47:37.091][INFO][CraftTweaker]: Removing 'crafting' recipes with output: '<item:explorerscompass:explorerscompass>'
[20:47:37.111][INFO][CraftTweaker]: Adding 'minecraft:crafting' recipe, of type: "shaped", with name: 'crafttweaker:explorers_compass' that outputs: '<item:explorerscompass:explorerscompass>'
[20:47:37.111][INFO][CraftTweaker]: Removing 'crafting' recipes with output: '<item:modrinth_logo_mod:modrinth_logo>'
[20:47:37.118][INFO][CraftTweaker]: Adding: [farm_and_charm:tomato] to tag: <tag:items:c:crops/tomato>
[20:47:37.118][INFO][CraftTweaker]: Adding: [farmersdelight:tomato] to tag: <tag:items:c:crops>
[20:47:37.119][INFO][CraftTweaker]: Registering new items tag with name <tag:items:c:tomato>
[20:47:37.119][INFO][CraftTweaker]: Adding: [farmersdelight:tomato] to tag: <tag:items:c:tomato>
[20:47:37.120][INFO][CraftTweaker]: Adding: [clutter:hops] to tag: <tag:items:c:crops/hops>
[20:47:37.120][INFO][CraftTweaker]: Adding: [alcocraftplus:hop] to tag: <tag:items:c:crops/hops>
[20:47:37.120][INFO][CraftTweaker]: Adding: [farm_and_charm:onion] to tag: <tag:items:c:crops/onion>
[20:47:37.121][INFO][CraftTweaker]: Adding: [duckling:duck_egg] to tag: <tag:items:c:eggs>
[20:47:37.121][INFO][CraftTweaker]: Adding: [duckling:duck_egg] to tag: <tag:items:meadow:egg>
[20:47:37.122][INFO][CraftTweaker]: Adding: [clutter:kiwi_bird_egg] to tag: <tag:items:c:eggs>
[20:47:37.122][INFO][CraftTweaker]: Adding: [clutter:kiwi_bird_egg] to tag: <tag:items:meadow:egg>
[20:47:37.122][INFO][CraftTweaker]: Adding: [clutter:emperor_penguin_egg] to tag: <tag:items:c:eggs>
[20:47:37.123][INFO][CraftTweaker]: Adding: [clutter:emperor_penguin_egg] to tag: <tag:items:meadow:egg>
[20:47:37.123][INFO][CraftTweaker]: Removing 'crafting' recipes with output: '<item:alcocraftplus:keg>'
[20:47:37.128][INFO][CraftTweaker]: Adding 'minecraft:crafting' recipe, of type: "shaped", with name: 'crafttweaker:homestead.keg' that outputs: '<item:alcocraftplus:keg>'
[20:47:37.128][INFO][CraftTweaker]: Registering new items tag with name <tag:items:c:sunflowers>
[20:47:37.129][INFO][CraftTweaker]: Adding: [spawn:sunflower] to tag: <tag:items:c:sunflowers>
[20:47:37.129][INFO][CraftTweaker]: Adding: [minecraft:sunflower] to tag: <tag:items:c:sunflowers>
[20:47:37.130][INFO][CraftTweaker]: Adding 'minecraft:crafting' recipe, of type: "shapeless", with name: 'crafttweaker:sunflower_convert' that outputs: '<item:minecraft:sunflower>'
[20:47:37.131][INFO][CraftTweaker]: Removing 'crafting' recipes with output: '<item:spelunkery:iron_pick_on_a_stick>'
[20:47:37.138][INFO][CraftTweaker]: Adding 'brewery:brewing' recipe, with name: 'crafttweaker:homestead.beer_barley' that outputs: '<item:brewery:beer_barley>'
[20:47:37.138][INFO][CraftTweaker]: Adding 'brewery:brewing' recipe, with name: 'crafttweaker:homestead.beer_haley' that outputs: '<item:brewery:beer_haley>'
[20:47:37.138][INFO][CraftTweaker]: Adding 'brewery:brewing' recipe, with name: 'crafttweaker:homestead.beer_hops' that outputs: '<item:brewery:beer_hops>'
[20:47:37.138][INFO][CraftTweaker]: Adding 'brewery:brewing' recipe, with name: 'crafttweaker:homestead.beer_nettle' that outputs: '<item:brewery:beer_nettle>'
[20:47:37.138][INFO][CraftTweaker]: Adding 'brewery:brewing' recipe, with name: 'crafttweaker:homestead.beer_oat' that outputs: '<item:brewery:beer_oat>'
[20:47:37.139][INFO][CraftTweaker]: Adding 'brewery:brewing' recipe, with name: 'crafttweaker:homestead.beer_wheat' that outputs: '<item:brewery:beer_wheat>'
[20:47:37.139][INFO][CraftTweaker]: Adding 'minecraft:crafting' recipe, of type: "shaped", with name: 'crafttweaker:nametag' that outputs: '<item:minecraft:name_tag>'
[20:47:37.140][INFO][CraftTweaker]: Adding: [obsidianequipment:obsidian_sword] to tag: <tag:items:c:swords>
[20:47:37.140][INFO][CraftTweaker]: Adding: [obsidianequipment:obsidian_sword] to tag: <tag:items:minecraft:tools>
[20:47:37.140][INFO][CraftTweaker]: Adding: [obsidianequipment:obsidian_sword] to tag: <tag:items:minecraft:swords>
[20:47:37.141][INFO][CraftTweaker]: Adding: [obsidianequipment:obsidian_sword] to tag: <tag:items:c:tools>
[20:47:37.141][INFO][CraftTweaker]: Adding: [obsidianequipment:obsidian_sword] to tag: <tag:items:incendium:tools_armor>
[20:47:37.142][INFO][CraftTweaker]: Adding: [obsidianequipment:obsidian_sword] to tag: <tag:items:minecraft:breaks_decorated_pots>
[20:47:37.142][INFO][CraftTweaker]: Adding: [obsidianequipment:obsidian_sword] to tag: <tag:items:ps-keep:all>
[20:47:37.142][INFO][CraftTweaker]: Adding: [obsidianequipment:obsidian_sword] to tag: <tag:items:amendments:goes_in_tripwire_hook>
[20:47:37.143][INFO][CraftTweaker]: Adding: [obsidianequipment:obsidian_axe] to tag: <tag:items:c:axes>
[20:47:37.143][INFO][CraftTweaker]: Adding: [obsidianequipment:obsidian_axe] to tag: <tag:items:minecraft:tools>
[20:47:37.143][INFO][CraftTweaker]: Adding: [obsidianequipment:obsidian_axe] to tag: <tag:items:minecraft:axes>
[20:47:37.144][INFO][CraftTweaker]: Adding: [obsidianequipment:obsidian_axe] to tag: <tag:items:c:tools>
[20:47:37.144][INFO][CraftTweaker]: Adding: [obsidianequipment:obsidian_axe] to tag: <tag:items:incendium:tools_armor>
[20:47:37.145][INFO][CraftTweaker]: Adding: [obsidianequipment:obsidian_axe] to tag: <tag:items:minecraft:breaks_decorated_pots>
[20:47:37.145][INFO][CraftTweaker]: Adding: [obsidianequipment:obsidian_axe] to tag: <tag:items:ps-keep:all>
[20:47:37.145][INFO][CraftTweaker]: Adding: [obsidianequipment:obsidian_axe] to tag: <tag:items:incendium:tools>
[20:47:37.146][INFO][CraftTweaker]: Adding: [obsidianequipment:obsidian_axe] to tag: <tag:items:amendments:goes_in_tripwire_hook>
[20:47:37.146][INFO][CraftTweaker]: Adding: [obsidianequipment:obsidian_shovel] to tag: <tag:items:c:shovels>
[20:47:37.146][INFO][CraftTweaker]: Adding: [obsidianequipment:obsidian_shovel] to tag: <tag:items:minecraft:tools>
[20:47:37.147][INFO][CraftTweaker]: Adding: [obsidianequipment:obsidian_shovel] to tag: <tag:items:minecraft:shovels>
[20:47:37.147][INFO][CraftTweaker]: Adding: [obsidianequipment:obsidian_shovel] to tag: <tag:items:c:tools>
[20:47:37.147][INFO][CraftTweaker]: Adding: [obsidianequipment:obsidian_shovel] to tag: <tag:items:incendium:tools_armor>
[20:47:37.147][INFO][CraftTweaker]: Adding: [obsidianequipment:obsidian_shovel] to tag: <tag:items:minecraft:breaks_decorated_pots>
[20:47:37.147][INFO][CraftTweaker]: Adding: [obsidianequipment:obsidian_shovel] to tag: <tag:items:ps-keep:all>
[20:47:37.148][INFO][CraftTweaker]: Adding: [obsidianequipment:obsidian_shovel] to tag: <tag:items:incendium:tools>
[20:47:37.148][INFO][CraftTweaker]: Adding: [obsidianequipment:obsidian_shovel] to tag: <tag:items:amendments:goes_in_tripwire_hook>
[20:47:37.148][INFO][CraftTweaker]: Adding: [obsidianequipment:obsidian_pickaxe] to tag: <tag:items:c:pickaxes>
[20:47:37.148][INFO][CraftTweaker]: Adding: [obsidianequipment:obsidian_pickaxe] to tag: <tag:items:minecraft:tools>
[20:47:37.148][INFO][CraftTweaker]: Adding: [obsidianequipment:obsidian_pickaxe] to tag: <tag:items:minecraft:pickaxes>
[20:47:37.148][INFO][CraftTweaker]: Adding: [obsidianequipment:obsidian_pickaxe] to tag: <tag:items:c:tools>
[20:47:37.149][INFO][CraftTweaker]: Adding: [obsidianequipment:obsidian_pickaxe] to tag: <tag:items:incendium:tools_armor>
[20:47:37.149][INFO][CraftTweaker]: Adding: [obsidianequipment:obsidian_pickaxe] to tag: <tag:items:minecraft:breaks_decorated_pots>
[20:47:37.149][INFO][CraftTweaker]: Adding: [obsidianequipment:obsidian_pickaxe] to tag: <tag:items:ps-keep:all>
[20:47:37.149][INFO][CraftTweaker]: Adding: [obsidianequipment:obsidian_pickaxe] to tag: <tag:items:incendium:tools>
[20:47:37.149][INFO][CraftTweaker]: Adding: [obsidianequipment:obsidian_pickaxe] to tag: <tag:items:amendments:goes_in_tripwire_hook>
[20:47:37.150][INFO][CraftTweaker]: Adding: [obsidianequipment:obsidian_pickaxe] to tag: <tag:items:minecraft:cluster_max_harvestables>
[20:47:37.150][INFO][CraftTweaker]: Adding: [obsidianequipment:obsidian_hoe] to tag: <tag:items:c:hoes>
[20:47:37.150][INFO][CraftTweaker]: Adding: [obsidianequipment:obsidian_hoe] to tag: <tag:items:minecraft:tools>
[20:47:37.150][INFO][CraftTweaker]: Adding: [obsidianequipment:obsidian_hoe] to tag: <tag:items:minecraft:hoes>
[20:47:37.150][INFO][CraftTweaker]: Adding: [obsidianequipment:obsidian_hoe] to tag: <tag:items:c:tools>
[20:47:37.151][INFO][CraftTweaker]: Adding: [obsidianequipment:obsidian_hoe] to tag: <tag:items:incendium:tools_armor>
[20:47:37.151][INFO][CraftTweaker]: Adding: [obsidianequipment:obsidian_hoe] to tag: <tag:items:minecraft:breaks_decorated_pots>
[20:47:37.151][INFO][CraftTweaker]: Adding: [obsidianequipment:obsidian_hoe] to tag: <tag:items:ps-keep:all>
[20:47:37.151][INFO][CraftTweaker]: Adding: [obsidianequipment:obsidian_hoe] to tag: <tag:items:incendium:tools>
[20:47:37.151][INFO][CraftTweaker]: Adding: [obsidianequipment:obsidian_hoe] to tag: <tag:items:amendments:goes_in_tripwire_hook>
[20:47:37.152][INFO][CraftTweaker]: Adding: [obsidianequipment:obsidian_helmet] to tag: <tag:items:c:armors>
[20:47:37.152][INFO][CraftTweaker]: Adding: [obsidianequipment:obsidian_helmet] to tag: <tag:items:bookshelf:armor>
[20:47:37.152][INFO][CraftTweaker]: Adding: [obsidianequipment:obsidian_helmet] to tag: <tag:items:ps-keep:all>
[20:47:37.152][INFO][CraftTweaker]: Adding: [obsidianequipment:obsidian_helmet] to tag: <tag:items:minecraft:trimmable_armor>
[20:47:37.153][INFO][CraftTweaker]: Adding: [obsidianequipment:obsidian_helmet] to tag: <tag:items:incendium:tools_armor>
[20:47:37.153][INFO][CraftTweaker]: Adding: [obsidianequipment:obsidian_helmet] to tag: <tag:items:bookshelf:helmets>
[20:47:37.153][INFO][CraftTweaker]: Adding: [obsidianequipment:obsidian_helmet] to tag: <tag:items:incendium:armor>
[20:47:37.153][INFO][CraftTweaker]: Adding: [obsidianequipment:obsidian_helmet] to tag: <tag:items:c:helmets>
[20:47:37.153][INFO][CraftTweaker]: Adding: [obsidianequipment:obsidian_helmet] to tag: <tag:items:c:armor>
[20:47:37.154][INFO][CraftTweaker]: Adding: [obsidianequipment:obsidian_chestplate] to tag: <tag:items:c:armors>
[20:47:37.154][INFO][CraftTweaker]: Adding: [obsidianequipment:obsidian_chestplate] to tag: <tag:items:bookshelf:armor>
[20:47:37.154][INFO][CraftTweaker]: Adding: [obsidianequipment:obsidian_chestplate] to tag: <tag:items:ps-keep:all>
[20:47:37.154][INFO][CraftTweaker]: Adding: [obsidianequipment:obsidian_chestplate] to tag: <tag:items:minecraft:trimmable_armor>
[20:47:37.155][INFO][CraftTweaker]: Adding: [obsidianequipment:obsidian_chestplate] to tag: <tag:items:incendium:tools_armor>
[20:47:37.155][INFO][CraftTweaker]: Adding: [obsidianequipment:obsidian_chestplate] to tag: <tag:items:bookshelf:chestplates>
[20:47:37.155][INFO][CraftTweaker]: Adding: [obsidianequipment:obsidian_chestplate] to tag: <tag:items:incendium:armor>
[20:47:37.155][INFO][CraftTweaker]: Adding: [obsidianequipment:obsidian_chestplate] to tag: <tag:items:c:chestplates>
[20:47:37.155][INFO][CraftTweaker]: Adding: [obsidianequipment:obsidian_chestplate] to tag: <tag:items:c:armor>
[20:47:37.156][INFO][CraftTweaker]: Adding: [obsidianequipment:obsidian_leggings] to tag: <tag:items:c:armors>
[20:47:37.156][INFO][CraftTweaker]: Adding: [obsidianequipment:obsidian_leggings] to tag: <tag:items:bookshelf:armor>
[20:47:37.156][INFO][CraftTweaker]: Adding: [obsidianequipment:obsidian_leggings] to tag: <tag:items:ps-keep:all>
[20:47:37.156][INFO][CraftTweaker]: Adding: [obsidianequipment:obsidian_leggings] to tag: <tag:items:minecraft:trimmable_armor>
[20:47:37.157][INFO][CraftTweaker]: Adding: [obsidianequipment:obsidian_leggings] to tag: <tag:items:incendium:tools_armor>
[20:47:37.157][INFO][CraftTweaker]: Adding: [obsidianequipment:obsidian_leggings] to tag: <tag:items:bookshelf:leggings>
[20:47:37.157][INFO][CraftTweaker]: Adding: [obsidianequipment:obsidian_leggings] to tag: <tag:items:incendium:armor>
[20:47:37.157][INFO][CraftTweaker]: Adding: [obsidianequipment:obsidian_leggings] to tag: <tag:items:c:leggings>
[20:47:37.157][INFO][CraftTweaker]: Adding: [obsidianequipment:obsidian_leggings] to tag: <tag:items:c:armor>
[20:47:37.157][INFO][CraftTweaker]: Adding: [obsidianequipment:obsidian_boots] to tag: <tag:items:c:armors>
[20:47:37.158][INFO][CraftTweaker]: Adding: [obsidianequipment:obsidian_boots] to tag: <tag:items:bookshelf:armor>
[20:47:37.158][INFO][CraftTweaker]: Adding: [obsidianequipment:obsidian_boots] to tag: <tag:items:ps-keep:all>
[20:47:37.158][INFO][CraftTweaker]: Adding: [obsidianequipment:obsidian_boots] to tag: <tag:items:minecraft:trimmable_armor>
[20:47:37.158][INFO][CraftTweaker]: Adding: [obsidianequipment:obsidian_boots] to tag: <tag:items:incendium:tools_armor>
[20:47:37.158][INFO][CraftTweaker]: Adding: [obsidianequipment:obsidian_boots] to tag: <tag:items:bookshelf:boots>
[20:47:37.158][INFO][CraftTweaker]: Adding: [obsidianequipment:obsidian_boots] to tag: <tag:items:incendium:armor>
[20:47:37.159][INFO][CraftTweaker]: Adding: [obsidianequipment:obsidian_boots] to tag: <tag:items:c:boots>
[20:47:37.159][INFO][CraftTweaker]: Adding: [obsidianequipment:obsidian_boots] to tag: <tag:items:c:armor>
[20:47:37.159][INFO][CraftTweaker]: Adding: [obsidianequipment:obsidian_horse_armor] to tag: <tag:items:ps-keep:all>
[20:47:37.159][INFO][CraftTweaker]: Removing: [regions_unexplored:prismarite_cluster] from tag: <tag:items:minecraft:trim_materials>
[20:47:37.160][INFO][CraftTweaker]: Adding 'minecraft:crafting' recipe, of type: "shaped", with name: 'crafttweaker:saddle' that outputs: '<item:minecraft:saddle>'
[20:47:37.160][INFO][CraftTweaker]: Adding: [biomeswevegone:rocky_stone] to tag: <tag:items:minecraft:stone_tool_materials>
[20:47:37.160][INFO][CraftTweaker-ZenCode]: Execution for loader 'crafttweaker' completed successfully
[20:47:37.162][INFO][CraftTweaker]: CraftTweaker reload complete!
[20:47:37.162][INFO][CraftTweaker]: This reload was made possible by Jonathan McManus and more! Become a patron at https://patreon.com/jaredlll08?s=crtmod
