[13:22:44] [ServerMain/INFO]: [bootstrap] Running Java 25 (OpenJDK 64-Bit Server VM 25.0.2+10-LTS; Microsoft Microsoft-13053558) on Linux 6.8.0-1044-azure (amd64)
[13:22:44] [ServerMain/INFO]: [bootstrap] Loading Paper 26.1.2-7-main@6f4b004 (2026-04-15T18:38:23Z) for Minecraft 26.1.2
[13:22:44] [ServerMain/INFO]: [PluginInitializerManager] Initializing plugins...
[13:22:45] [ServerMain/INFO]: [PluginInitializerManager] Initialized 0 plugins
[13:22:50] [ServerMain/INFO]: Environment: Environment[sessionHost=https://sessionserver.mojang.com, servicesHost=https://api.minecraftservices.com, profilesHost=https://api.mojang.com, name=PROD]
[13:22:51] [ServerMain/WARN]: [WorldFolderMigration] ===================== ! ALERT ! =====================
[13:22:51] [ServerMain/WARN]: [WorldFolderMigration] World storage migration is required during startup.
[13:22:51] [ServerMain/WARN]: [WorldFolderMigration] If you do not have a backup: interrupt the server now. Use Ctrl+C, your panel kill function, etc.
[13:22:51] [ServerMain/WARN]: [WorldFolderMigration] =====================================================
[13:22:51] [ServerMain/WARN]: [WorldFolderMigration] Continuing in 30 seconds...
[13:23:21] [ServerMain/INFO]: [WorldFolderMigration] Continuing with startup world migration.
[13:23:21] [ServerMain/INFO]: Starting upgrade for world "world"
[13:23:21] [ServerMain/INFO]: Upgrading progress: 2%
[13:23:21] [ServerMain/INFO]: File system capabilities: FileSystemCapabilities[atomicMove=true, hardLinks=true]
[13:23:21] [ServerMain/INFO]: Applying file structure changes for world "world"
[13:23:21] [ServerMain/INFO]: Moving new hardlinked world to top level
[13:23:21] [ServerMain/INFO]: Start cleanup
[13:23:21] [ServerMain/INFO]: Moving out old world folder
[13:23:21] [ServerMain/INFO]: Moving in new world folder
[13:23:21] [ServerMain/INFO]: Done applying file structure changes for world "world". Cleaning up outdated data...
[13:23:21] [ServerMain/INFO]: Upgrade done for world "world"
[13:23:22] [Worker-Main-1/INFO]: [VanillaWorldMigration] Starting Vanilla import for world 'world' (minecraft:overworld)
[13:23:22] [Worker-Main-1/INFO]: [WorldMigrationSupport] Migrating Paper world config from ./world/paper-world.yml to ./world/dimensions/minecraft/overworld/paper-world.yml
[13:23:22] [Worker-Main-1/INFO]: [VanillaWorldMigration] Completed Vanilla import for world 'world' (minecraft:overworld)
[13:23:23] [ServerMain/INFO]: Loaded 1515 recipes
[13:23:23] [ServerMain/INFO]: Loaded 1617 advancements
[13:23:23] [ServerMain/INFO]: [ca.spottedleaf.dataconverter.minecraft.datatypes.MCTypeRegistry] Initialising converters for DataConverter...
[13:23:23] [ServerMain/INFO]: [ca.spottedleaf.dataconverter.minecraft.datatypes.MCTypeRegistry] Finished initialising converters for DataConverter in 338.8ms
[13:23:24] [Server thread/INFO]: Starting minecraft server version 26.1.2
[13:23:24] [Server thread/INFO]: Loading properties
[13:23:24] [Server thread/INFO]: This server is running Paper version 26.1.2-7-main@6f4b004 (2026-04-15T18:38:23Z) (Implementing API version 26.1.2.build.7-alpha)
[13:23:24] [Server thread/INFO]: [spark] This server bundles the spark profiler. For more information please visit https://docs.papermc.io/paper/profiling
[13:23:24] [Server thread/INFO]: Server Ping Player Sample Count: 12
[13:23:24] [Server thread/INFO]: Using 4 threads for Netty based IO
[13:23:24] [Server thread/INFO]: [MoonriseCommon] Paper is using 1 worker threads, 1 I/O threads
[13:23:24] [Server thread/INFO]: Default game type: SURVIVAL
[13:23:24] [Server thread/INFO]: Generating keypair
[13:23:24] [Server thread/INFO]: Starting Minecraft server on *:25565
[13:23:24] [Server thread/INFO]: Paper: Using libdeflate (Linux x86_64) compression from Velocity.
[13:23:24] [Server thread/INFO]: Paper: Using OpenSSL 3.x.x (Linux x86_64) cipher from Velocity.
[13:23:24] [Server thread/INFO]: Server permissions file permissions.yml is empty, ignoring it
[13:23:24] [Server thread/WARN]: **** SERVER IS RUNNING IN OFFLINE/INSECURE MODE!
[13:23:24] [Server thread/WARN]: The server will make no attempt to authenticate usernames. Beware.
[13:23:24] [Server thread/WARN]: While this makes the game possible to play without internet access, it also opens up the ability for hackers to connect with any username they choose.
[13:23:24] [Server thread/WARN]: To change this, set "online-mode" to "true" in the server.properties file.
[13:23:24] [Server thread/INFO]: Preparing level "world"
[13:23:25] [Server thread/INFO]: [LegacyCraftBukkitWorldMigration] Starting legacy CraftBukkit import for world 'world_nether' (minecraft:the_nether)
[13:23:25] [Server thread/INFO]: [WorldMigrationSupport] Migrating world directory from ./world_nether/DIM-1/region to ./world/dimensions/minecraft/the_nether/region
[13:23:25] [Server thread/INFO]: [WorldMigrationSupport] Migrating Paper world config from ./world_nether/paper-world.yml to ./world/dimensions/minecraft/the_nether/paper-world.yml
[13:23:25] [Server thread/INFO]: Starting upgrade for world "world_nether"
[13:23:25] [Server thread/INFO]: Upgrading progress: 2%
[13:23:25] [Server thread/INFO]: File system capabilities: FileSystemCapabilities[atomicMove=true, hardLinks=true]
[13:23:25] [Server thread/INFO]: Applying file structure changes for world "world_nether"
[13:23:25] [Server thread/INFO]: Moving new hardlinked world to top level
[13:23:25] [Server thread/INFO]: Start cleanup
[13:23:25] [Server thread/INFO]: Moving out old world folder
[13:23:25] [Server thread/INFO]: Moving in new world folder
[13:23:25] [Server thread/INFO]: Done applying file structure changes for world "world_nether". Cleaning up outdated data...
[13:23:25] [Server thread/INFO]: Upgrade done for world "world_nether"
[13:23:25] [Server thread/INFO]: [LegacyCraftBukkitWorldMigration] Completed legacy CraftBukkit import for world 'world_nether' (minecraft:the_nether)
[13:23:25] [Server thread/INFO]: [LegacyCraftBukkitWorldMigration] Starting legacy CraftBukkit import for world 'world_the_end' (minecraft:the_end)
[13:23:25] [Server thread/INFO]: [WorldMigrationSupport] Migrating world directory from ./world_the_end/DIM1/region to ./world/dimensions/minecraft/the_end/region
[13:23:25] [Server thread/INFO]: [WorldMigrationSupport] Migrating Paper world config from ./world_the_end/paper-world.yml to ./world/dimensions/minecraft/the_end/paper-world.yml
[13:23:25] [Server thread/INFO]: Starting upgrade for world "world_the_end"
[13:23:25] [Server thread/INFO]: Upgrading progress: 2%
[13:23:25] [Server thread/INFO]: File system capabilities: FileSystemCapabilities[atomicMove=true, hardLinks=true]
[13:23:25] [Server thread/INFO]: Applying file structure changes for world "world_the_end"
[13:23:25] [Server thread/INFO]: Moving new hardlinked world to top level
[13:23:25] [Server thread/INFO]: Start cleanup
[13:23:25] [Server thread/INFO]: Moving out old world folder
[13:23:25] [Server thread/INFO]: Moving in new world folder
[13:23:25] [Server thread/INFO]: Done applying file structure changes for world "world_the_end". Cleaning up outdated data...
[13:23:25] [Server thread/INFO]: Upgrade done for world "world_the_end"
[13:23:25] [Server thread/INFO]: [LegacyCraftBukkitWorldMigration] Completed legacy CraftBukkit import for world 'world_the_end' (minecraft:the_end)
[13:23:25] [Server thread/INFO]: Loading 0 persistent chunks for level 'minecraft:overworld'...
[13:23:25] [Server thread/INFO]: Preparing spawn area: 100%
[13:23:25] [Server thread/INFO]: Prepared spawn area in 2 ms
[13:23:25] [Server thread/INFO]: Loading 0 persistent chunks for level 'minecraft:the_nether'...
[13:23:25] [Server thread/INFO]: Prepared spawn area in 0 ms
[13:23:25] [Server thread/INFO]: Loading 0 persistent chunks for level 'minecraft:the_end'...
[13:23:25] [Server thread/INFO]: Preparing spawn area: 100%
[13:23:25] [Server thread/INFO]: Prepared spawn area in 2 ms
[13:23:25] [Server thread/INFO]: Done preparing level "world" (0.825s)
[13:23:25] [Server thread/INFO]: [spark] Starting background profiler...
[13:23:26] [Server thread/INFO]: Saving chunks for level 'ServerLevel[world]'/minecraft:overworld
[13:23:26] [Server thread/INFO]: Saving chunks for level 'ServerLevel[world]'/minecraft:the_nether
[13:23:26] [Server thread/INFO]: Saving chunks for level 'ServerLevel[world]'/minecraft:the_end
[13:23:26] [Server thread/INFO]: ThreadedAnvilChunkStorage (world): All chunks are saved
[13:23:26] [Server thread/INFO]: ThreadedAnvilChunkStorage (DIM-1): All chunks are saved
[13:23:26] [Server thread/INFO]: ThreadedAnvilChunkStorage (DIM1): All chunks are saved
[13:23:26] [Server thread/INFO]: ThreadedAnvilChunkStorage: All dimensions are saved
[13:23:26] [Server thread/INFO]: Running delayed init tasks
[13:23:26] [Server thread/INFO]: Done (43.021s)! For help, type "help"
[13:26:21] [User Authenticator #0/INFO]: UUID of player olycarpy is 4b6c9f54-2d48-3ecb-a6e4-966dbeced627
[13:26:28] [Server thread/INFO]: olycarpy joined the game
[13:26:28] [Server thread/INFO]: olycarpy[/127.210.228.249:44775] logged in with entity id 14 at ([minecraft:overworld]-5.5, 80.0, -0.5)
[13:27:17] [Server thread/INFO]: olycarpy has made the advancement [Monster Hunter]
[13:28:02] [User Authenticator #1/INFO]: UUID of player Raijinn is f76ea4a2-37f5-330c-83c4-e99f8f54c6cc
[13:28:03] [Server thread/INFO]: Raijinn joined the game
[13:28:03] [Server thread/INFO]: Raijinn[/127.130.22.79:58071] logged in with entity id 884 at ([minecraft:overworld]-3.5, 77.0, 10.5)
[13:28:52] [Server thread/INFO]: Raijinn has made the advancement [Monster Hunter]
[13:32:36] [Server thread/INFO]: olycarpy has made the advancement [Diamonds!]
[13:33:04] [Server thread/INFO]: olycarpy has made the advancement [Stone Age]
[13:33:18] [Server thread/INFO]: Raijinn has made the advancement [Stone Age]
[13:33:32] [Server thread/INFO]: olycarpy has made the advancement [Getting an Upgrade]
[13:34:19] [Server thread/INFO]: Raijinn has made the advancement [Getting an Upgrade]
[13:47:51] [Server thread/INFO]: Unknown or incomplete command. See below for error
save<--[HERE]
[13:48:18] [Server thread/INFO]: Saving is already turned on
[13:48:22] [Server thread/INFO]: Saving the game (this may take a moment!)
[13:48:22] [Server thread/INFO]: Saved the game
[13:49:02] [Server thread/INFO]: olycarpy has made the advancement [Acquire Hardware]
[13:50:00] [Server thread/INFO]: olycarpy has made the advancement [Isn't It Iron Pick]
[14:05:56] [Server thread/INFO]: Raijinn has made the advancement [Acquire Hardware]
[14:06:04] [Server thread/INFO]: Raijinn has made the advancement [Isn't It Iron Pick]
[14:06:08] [Server thread/INFO]: Raijinn has made the advancement [Diamonds!]
[14:09:20] [Server thread/INFO]: olycarpy has made the advancement [Not Today, Thank You]
[14:11:04] [Async Chat Thread - #0/INFO]: [Not Secure] <olycarpy> diorite?
[14:11:08] [Async Chat Thread - #0/INFO]: [Not Secure] <Raijinn> HAHAHAHA
[14:11:15] [Async Chat Thread - #0/INFO]: [Not Secure] <Raijinn> what's this
[14:12:05] [Server thread/INFO]: olycarpy has made the advancement [Suit Up]
[14:14:20] [Async Chat Thread - #2/INFO]: [Not Secure] <olycarpy> its diorite
[14:14:43] [Async Chat Thread - #2/INFO]: [Not Secure] <olycarpy> selfish? how much?
[14:15:30] [Async Chat Thread - #3/INFO]: [Not Secure] <olycarpy> bat wala kang putanignang trail of torches
[14:16:15] [Async Chat Thread - #3/INFO]: [Not Secure] <olycarpy> ako guide mo palabas
[14:16:23] [Async Chat Thread - #2/INFO]: [Not Secure] <olycarpy> galing ako sa taas eh
[14:16:58] [Async Chat Thread - #2/INFO]: [Not Secure] <olycarpy> fuck
[14:17:03] [Async Chat Thread - #2/INFO]: [Not Secure] <olycarpy> my pickaxe broke
[14:17:21] [Async Chat Thread - #2/INFO]: [Not Secure] <olycarpy> all gud
[14:19:15] [Async Chat Thread - #4/INFO]: [Not Secure] <olycarpy> im lower than u?
[14:27:04] [Async Chat Thread - #6/INFO]: [Not Secure] <olycarpy> yo
[14:27:15] [Async Chat Thread - #6/INFO]: [Not Secure] <olycarpy> im up again
[14:27:51] [Async Chat Thread - #6/INFO]: [Not Secure] <olycarpy> i want to go to you sa warden pero d din kita makita
[14:29:15] [Async Chat Thread - #8/INFO]: [Not Secure] <olycarpy> ha
[14:29:21] [Async Chat Thread - #8/INFO]: [Not Secure] <Raijinn> afk
[14:29:27] [Async Chat Thread - #8/INFO]: [Not Secure] <olycarpy> u or me?
[14:41:11] [Server thread/INFO]: Raijinn has made the advancement [Suit Up]
[14:47:47] [Server thread/INFO]: Raijinn has made the advancement [Ice Bucket Challenge]
[14:48:16] [Server thread/INFO]: olycarpy has made the advancement [Hot Stuff]
[14:48:30] [Server thread/INFO]: Raijinn has made the advancement [Hot Stuff]
[14:51:23] [Server thread/INFO]: olycarpy has made the advancement [We Need to Go Deeper]
[14:51:26] [Server thread/INFO]: Raijinn has made the advancement [We Need to Go Deeper]
[14:59:03] [Server thread/INFO]: Raijinn has made the advancement [Those Were the Days]
[14:59:15] [Server thread/INFO]: olycarpy has made the advancement [Those Were the Days]
[14:59:15] [Server thread/INFO]: Raijinn has made the advancement [Who is Cutting Onions?]
[15:01:28] [Server thread/INFO]: Raijinn was doomed to fall by Piglin Brute
[15:09:21] [Server thread/INFO]: olycarpy has made the advancement [War Pigs]
[15:14:55] [Server thread/INFO]: Raijinn issued server command: /tp Raijinn olycarpy
[15:14:55] [Server thread/INFO]: [Raijinn: Teleported Raijinn to olycarpy]
[15:19:47] [Server thread/INFO]: Raijinn was slain by Piglin Brute
[15:19:54] [Server thread/INFO]: Raijinn issued server command: /tp Raijinn olycarpy
[15:19:54] [Server thread/INFO]: [Raijinn: Teleported Raijinn to olycarpy]
[15:20:26] [Server thread/INFO]: Raijinn issued server command: /tp Raijinn olycarpy
[15:20:26] [Server thread/INFO]: [Raijinn: Teleported Raijinn to olycarpy]
[15:20:33] [Server thread/INFO]: Raijinn burned to death
[15:20:36] [Server thread/INFO]: Raijinn issued server command: /tp Raijinn olycarpy
[15:20:36] [Server thread/INFO]: [Raijinn: Teleported Raijinn to olycarpy]
[15:30:30] [Server thread/INFO]: olycarpy has made the advancement [Hidden in the Depths]
[15:30:32] [Server thread/INFO]: olycarpy has made the advancement [Ice Bucket Challenge]
[15:36:15] [Server thread/INFO]: olycarpy tried to swim in lava
